// Jest Snapshot v1, https://goo.gl/fbAQLP

exports[`errorlist should be displayed when form step is opened and closed with touched input fields having invalid values 1`] = `
<div
  class="form-step__error"
  id="test-id-error"
  role="group"
  tabindex="-1"
>
  <nav>
    <div
      before-navigate="function () { [native code] }"
      bullets="true"
    >
      [
  {
    "id": "element1",
    "focusElementId": "element1",
    "title": ""
  },
  {
    "id": "element2",
    "focusElementId": "element2",
    "title": ""
  }
]
    </div>
  </nav>
</div>
`;

exports[`html-validate <f-form-step><template #tooltip>Tooltip</template></f-form-step> should be invalid 1`] = `
[Error: Expected HTML to be valid but had the following errors:

  <f-form-step> component has no slot "tooltip" [vue/available-slots]]
`;

exports[`snapshots should match snapshot when pristine 1`] = `
<div
  class="form-step"
  id="test-id"
  titletext="example"
>
  
  <div
    class="form-step__header"
    role="group"
    tabindex="-1"
  >
    
    <h2
      class="form-step__title"
    >
      example
    </h2>
    
    <!--v-if-->
  </div>
  <!--v-if-->
  <div>
    
    <div
      style="display: none;"
    >
      <div
        class="text-field"
      >
        <div
          class="i-width-sm-12"
        >
          <f-label-stub
            class=""
            for="element1"
          />
        </div>
        <div
          class="text-field__input-wrapper i-width-sm-12"
        >
          
          
          <div
            class="text-field__icon-wrapper"
          >
            <input
              aria-invalid="false"
              class="text-field__input"
              data-required=""
              data-validation=""
              id="element1"
              required=""
              type="text"
            />
            <!--v-if-->
            <!--v-if-->
            <!--v-if-->
            <!--v-if-->
          </div>
          
          
        </div>
        <!--v-if-->
      </div>
      <div
        class="text-field"
      >
        <div
          class="i-width-sm-12"
        >
          <f-label-stub
            class=""
            for="element2"
          />
        </div>
        <div
          class="text-field__input-wrapper i-width-sm-12"
        >
          
          
          <div
            class="text-field__icon-wrapper"
          >
            <input
              aria-invalid="false"
              class="text-field__input"
              data-required=""
              data-validation=""
              id="element2"
              required=""
              type="text"
            />
            <!--v-if-->
            <!--v-if-->
            <!--v-if-->
            <!--v-if-->
          </div>
          
          
        </div>
        <!--v-if-->
      </div>
      <div
        class="text-field"
      >
        <div
          class="i-width-sm-12"
        >
          <f-label-stub
            class=""
            for="element3"
          />
        </div>
        <div
          class="text-field__input-wrapper i-width-sm-12"
        >
          
          
          <div
            class="text-field__icon-wrapper"
          >
            <input
              class="text-field__input"
              id="element3"
              type="text"
            />
            <!--v-if-->
            <!--v-if-->
            <!--v-if-->
            <!--v-if-->
          </div>
          
          
        </div>
        <!--v-if-->
      </div>
    </div>
    <button
      id="button"
      type="button"
    />
    
    <span
      class="form-step__arrow"
    />
  </div>
  
</div>
`;
