// Jest Snapshot v1, https://goo.gl/fbAQLP

exports[`snapshots should match snapshot when pristine 1`] = `
<button
  aria-expanded="false"
  class="button button--margin-bottom-0 button--large"
  data-form-step-button=""
  id="fkui-vue-element-0001"
  type="button"
>
  
  <svg
    aria-hidden="true"
    class="button__icon icon f-icon-pen"
    focusable="false"
  >
    
    
    <use
      xlink:href="#f-icon-pen"
    />
  </svg>
   Fyll i
  
  <span
    class="sr-only"
  />
</button>
`;
