// Jest Snapshot v1, https://goo.gl/fbAQLP

exports[`snapshots should match snapshot 1`] = `
<div
  class="card card--default"
  id="fkui-vue-element-0001"
>
  <div
    class="card__header"
  >
    
    Header slot
    
  </div>
  
  <!--v-if-->
  
  <div
    class="card__content"
  >
    
    Content slot
    
  </div>
  <div
    class="card__footer"
  >
    
    Footer slot
    
  </div>
</div>
`;
