// Jest Snapshot v1, https://goo.gl/fbAQLP

exports[`snapshots should match snapshot with default classes and filled slots 1`] = `
<fieldset
  class="fieldset checkbox-group"
  id="fkui-vue-element-0001"
>
  <legend
    class="label sr-only"
  >
    
    
     Label 
    
    
    <span
      class="sr-only"
    >
      <span>
        Grupp med 2 kryssrutor
      </span>
    </span>
    
    
     Description 
    
    
    
    
     Error message 
    
    
  </legend>
  <span
    aria-live="polite"
    class="sr-only"
    data-test="checked-boxes"
  >
    <span>
      0 kryssad av 2
    </span>
  </span>
  
  <div
    class="sr-separator"
  >
    <div
      aria-hidden="true"
      class="tooltip-before"
    >
      <div
        class="label tooltip-before__label"
      >
        
        
         Label 
        
        
      </div>
    </div>
    
    
     Tooltip 
    
    
  </div>
  <div
    aria-hidden="true"
    class="label fieldset__label"
  >
    
    
     Description 
    
    
    
    
     Error message 
    
    
  </div>
  
  <div
    class="fieldset__content checkbox-group__content"
  >
    
    
    <input
      type="checkbox"
    />
    <input
      type="checkbox"
    />
    
    
  </div>
</fieldset>
`;
